// Jest Snapshot v1, https://goo.gl/fbAQLP

exports[`PokemonCard component snapshot 1`] = `
<Link
  to="/detail/undefined"
>
  <div
    style={
      Object {
        "alignItems": "center",
        "background": "blue",
        "display": "flex",
        "flexDirection": "column",
        "margin": "30px",
        "width": "300px",
      }
    }
  >
    <h2>
      bob
    </h2>
    <img
      src="url"
      style={
        Object {
          "width": "250px",
        }
      }
    />
  </div>
</Link>
`;
